// Jest Snapshot v1, https://goo.gl/fbAQLP

exports[`Fragments: Lazy.js It should render Lazy screen 1`] = `
<div>
  <div
    class="MuiLinearProgress-root MuiLinearProgress-colorPrimary MuiLinearProgress-indeterminate"
    role="progressbar"
    style="position: absolute; top: 0px; left: 0px; width: 100%;"
  >
    <div
      class="MuiLinearProgress-bar MuiLinearProgress-bar1Indeterminate MuiLinearProgress-barColorPrimary"
    />
    <div
      class="MuiLinearProgress-bar MuiLinearProgress-bar2Indeterminate MuiLinearProgress-barColorPrimary"
    />
  </div>
</div>
`;
