// Jest Snapshot v1, https://goo.gl/fbAQLP

exports[`Fragments: Setting.js It should render Setting screen 1`] = `
<div>
  <div
    class="MuiPaper-root MuiPaper-elevation1 MuiCard-root MuiPaper-rounded"
  >
    <div
      class="MuiGrid-root MuiGrid-container MuiGrid-align-items-xs-center MuiGrid-justify-xs-center"
    >
      <div
        class="MuiAvatar-root makeStyles-avatar-1 MuiAvatar-colorDefault"
      >
        N
      </div>
    </div>
    <div
      class="MuiCardContent-root"
    >
      <div
        class="MuiFormControl-root MuiTextField-root makeStyles-input-2 MuiFormControl-marginDense MuiFormControl-fullWidth"
      >
        <label
          class="MuiFormLabel-root MuiInputLabel-root MuiInputLabel-formControl MuiInputLabel-animated MuiInputLabel-shrink MuiInputLabel-marginDense MuiInputLabel-outlined Mui-disabled Mui-disabled MuiFormLabel-filled"
          data-shrink="true"
        >
          User ID
        </label>
        <div
          class="MuiInputBase-root MuiOutlinedInput-root Mui-disabled Mui-disabled MuiInputBase-fullWidth MuiInputBase-formControl MuiInputBase-marginDense MuiOutlinedInput-marginDense"
        >
          <fieldset
            aria-hidden="true"
            class="PrivateNotchedOutline-root-193 MuiOutlinedInput-notchedOutline"
            style="padding-left: 8px;"
          >
            <legend
              class="PrivateNotchedOutline-legend-194"
              style="width: 0px;"
            >
              <span>
                ​
              </span>
            </legend>
          </fieldset>
          <input
            aria-invalid="false"
            class="MuiInputBase-input MuiOutlinedInput-input Mui-disabled Mui-disabled MuiInputBase-inputMarginDense MuiOutlinedInput-inputMarginDense"
            disabled=""
            type="text"
            value="xxx"
          />
        </div>
      </div>
      <div
        class="MuiFormControl-root MuiTextField-root makeStyles-input-2 MuiFormControl-marginDense MuiFormControl-fullWidth"
      >
        <label
          class="MuiFormLabel-root MuiInputLabel-root MuiInputLabel-formControl MuiInputLabel-animated MuiInputLabel-shrink MuiInputLabel-marginDense MuiInputLabel-outlined Mui-disabled Mui-disabled MuiFormLabel-filled"
          data-shrink="true"
        >
          Member sejak
        </label>
        <div
          class="MuiInputBase-root MuiOutlinedInput-root Mui-disabled Mui-disabled MuiInputBase-fullWidth MuiInputBase-formControl MuiInputBase-marginDense MuiOutlinedInput-marginDense"
        >
          <fieldset
            aria-hidden="true"
            class="PrivateNotchedOutline-root-193 MuiOutlinedInput-notchedOutline"
            style="padding-left: 8px;"
          >
            <legend
              class="PrivateNotchedOutline-legend-194"
              style="width: 0px;"
            >
              <span>
                ​
              </span>
            </legend>
          </fieldset>
          <input
            aria-invalid="false"
            class="MuiInputBase-input MuiOutlinedInput-input Mui-disabled Mui-disabled MuiInputBase-inputMarginDense MuiOutlinedInput-inputMarginDense"
            disabled=""
            type="text"
            value="02 July 2019"
          />
        </div>
      </div>
      <div
        class="MuiFormControl-root MuiTextField-root makeStyles-input-2 MuiFormControl-marginDense MuiFormControl-fullWidth"
      >
        <label
          class="MuiFormLabel-root MuiInputLabel-root MuiInputLabel-formControl MuiInputLabel-animated MuiInputLabel-marginDense MuiInputLabel-outlined"
          data-shrink="false"
        >
          Nama
        </label>
        <div
          class="MuiInputBase-root MuiOutlinedInput-root MuiInputBase-fullWidth MuiInputBase-formControl MuiInputBase-marginDense MuiOutlinedInput-marginDense"
        >
          <fieldset
            aria-hidden="true"
            class="PrivateNotchedOutline-root-193 MuiOutlinedInput-notchedOutline"
            style="padding-left: 8px;"
          >
            <legend
              class="PrivateNotchedOutline-legend-194"
              style="width: 0.01px;"
            >
              <span>
                ​
              </span>
            </legend>
          </fieldset>
          <input
            aria-invalid="false"
            class="MuiInputBase-input MuiOutlinedInput-input MuiInputBase-inputMarginDense MuiOutlinedInput-inputMarginDense"
            type="text"
            value=""
          />
        </div>
      </div>
    </div>
    <div
      class="MuiCardActions-root MuiCardActions-spacing"
    >
      <button
        class="MuiButtonBase-root MuiButton-root makeStyles-action-3 MuiButton-contained MuiButton-containedPrimary"
        tabindex="0"
        type="button"
      >
        <span
          class="MuiButton-label"
        >
          Simpan
        </span>
        <span
          class="MuiTouchRipple-root"
        />
      </button>
    </div>
  </div>
</div>
`;
